shrivatsa@shrivatsa-Victus-by-HP-Laptop-16-e0xxx:~/Documents/WEB/JSON$ echo "# JSON-files" >> README.md
git init
git add README.md
git commit -m "first commit"
git branch -M main
git remote add origin https://github.com/shrivatsashetty/JSON-files.git
git push -u origin main
hint: Using 'master' as the name for the initial branch. This default branch name
hint: is subject to change. To configure the initial branch name to use in all
hint: of your new repositories, which will suppress this warning, call:
hint: 
hint: 	git config --global init.defaultBranch <name>
hint: 
hint: Names commonly chosen instead of 'master' are 'main', 'trunk' and
hint: 'development'. The just-created branch can be renamed via this command:
hint: 
hint: 	git branch -m <name>
Initialized empty Git repository in /home/shrivatsa/Documents/WEB/JSON/.git/
[master (root-commit) d9fd366] first commit
 1 file changed, 1 insertion(+)
 create mode 100644 README.md
Username for 'https://github.com': shrivatsashetty
Password for 'https://shrivatsashetty@github.com': 
remote: Support for password authentication was removed on August 13, 2021.
remote: Please see https://docs.github.com/en/get-started/getting-started-with-git/about-remote-repositories#cloning-with-https-urls for information on currently recommended modes of authentication.
fatal: Authentication failed for 'https://github.com/shrivatsashetty/JSON-files.git/'
shrivatsa@shrivatsa-Victus-by-HP-Laptop-16-e0xxx:~/Documents/WEB/JSON$ ls
20students.json  README.md  first-json-op.txt  first.json
shrivatsa@shrivatsa-Victus-by-HP-Laptop-16-e0xxx:~/Documents/WEB/JSON$ git status
On branch main
Untracked files:
  (use "git add <file>..." to include in what will be committed)
	20students.json
	first-json-op.txt
	first.json

nothing added to commit but untracked files present (use "git add" to track)
shrivatsa@shrivatsa-Victus-by-HP-Laptop-16-e0xxx:~/Documents/WEB/JSON$ git add .
shrivatsa@shrivatsa-Victus-by-HP-Laptop-16-e0xxx:~/Documents/WEB/JSON$ git status
On branch main
Changes to be committed:
  (use "git restore --staged <file>..." to unstage)
	new file:   20students.json
	new file:   first-json-op.txt
	new file:   first.json

shrivatsa@shrivatsa-Victus-by-HP-Laptop-16-e0xxx:~/Documents/WEB/JSON$ git commit -m "first json commit"
[main 2da98f9] first json commit
 3 files changed, 81 insertions(+)
 create mode 100644 20students.json
 create mode 100644 first-json-op.txt
 create mode 100644 first.json
shrivatsa@shrivatsa-Victus-by-HP-Laptop-16-e0xxx:~/Documents/WEB/JSON$ git push
fatal: The current branch main has no upstream branch.
To push the current branch and set the remote as upstream, use

    git push --set-upstream origin main

shrivatsa@shrivatsa-Victus-by-HP-Laptop-16-e0xxx:~/Documents/WEB/JSON$ git status
On branch main
nothing to commit, working tree clean
shrivatsa@shrivatsa-Victus-by-HP-Laptop-16-e0xxx:~/Documents/WEB/JSON$ 


